// Jest Snapshot v1, https://goo.gl/fbAQLP

exports[`Calculator component snapshot 1`] = `
<div
  id="calculator"
>
  <p
    id="input"
  >
    0
  </p>
  <button
    className=""
    name="AC"
    onClick={[Function]}
    type="button"
  >
    AC
  </button>
  <button
    className=""
    name="+/-"
    onClick={[Function]}
    type="button"
  >
    +/-
  </button>
  <button
    className=""
    name="%"
    onClick={[Function]}
    type="button"
  >
    %
  </button>
  <button
    className="Operations"
    name="รท"
    onClick={[Function]}
    type="button"
  >
    รท
  </button>
  <button
    className=""
    name="7"
    onClick={[Function]}
    type="button"
  >
    7
  </button>
  <button
    className=""
    name="8"
    onClick={[Function]}
    type="button"
  >
    8
  </button>
  <button
    className=""
    name="9"
    onClick={[Function]}
    type="button"
  >
    9
  </button>
  <button
    className="Operations"
    name="x"
    onClick={[Function]}
    type="button"
  >
    x
  </button>
  <button
    className=""
    name="4"
    onClick={[Function]}
    type="button"
  >
    4
  </button>
  <button
    className=""
    name="5"
    onClick={[Function]}
    type="button"
  >
    5
  </button>
  <button
    className=""
    name="6"
    onClick={[Function]}
    type="button"
  >
    6
  </button>
  <button
    className="Operations"
    name="-"
    onClick={[Function]}
    type="button"
  >
    -
  </button>
  <button
    className=""
    name="1"
    onClick={[Function]}
    type="button"
  >
    1
  </button>
  <button
    className=""
    name="2"
    onClick={[Function]}
    type="button"
  >
    2
  </button>
  <button
    className=""
    name="3"
    onClick={[Function]}
    type="button"
  >
    3
  </button>
  <button
    className="Operations"
    name="+"
    onClick={[Function]}
    type="button"
  >
    +
  </button>
  <button
    className=""
    name="0"
    onClick={[Function]}
    type="button"
  >
    0
  </button>
  <button
    className=""
    name="."
    onClick={[Function]}
    type="button"
  >
    .
  </button>
  <button
    className=""
    name="="
    onClick={[Function]}
    type="button"
  >
    =
  </button>
</div>
`;
